Radek
dodane
dośdane
dośćdane
dośąńdane
